// Jest Snapshot v1, https://goo.gl/fbAQLP

exports[`Rooms Rooms Component matches the snapshot 1`] = `
<section
  id="rooms"
>
  <div
    className="container"
  >
    <div
      className="card"
    >
      <div
        className="card-header"
      >
        <div
          className="dashhead"
        >
          <div
            className="dashhead-titles"
          >
            <h2>
              Game Rooms
            </h2>
          </div>
          <div
            className="dashhead-toolbar"
          >
            <button
              className="btn btn-primary"
              name=""
              onClick={[Function]}
            >
              <i
                className="fas fa-plus"
              />
            </button>
          </div>
        </div>
      </div>
      <div
        className="card-body"
      >
        <div
          className="row"
        />
      </div>
      <div
        className="card-footer"
      >
        <a
          aria-current="page"
          className="btn btn-dark active"
          href="/"
          onClick={[Function]}
          style={Object {}}
        >
          <i
            className="fas fa-arrow-left mr-2"
          />
          Back
        </a>
      </div>
    </div>
  </div>
</section>
`;
